// Jest Snapshot v1, https://goo.gl/fbAQLP

exports[`SwapRouter gas tests #exactInput 0 -> 1 -> 2 1`] = `192402`;

exports[`SwapRouter gas tests #exactInput 0 -> 1 1`] = `120312`;

exports[`SwapRouter gas tests #exactInput 0 -> 1 minimal 1`] = `106761`;

exports[`SwapRouter gas tests #exactInput 0 -> WETH9 1`] = `137059`;

exports[`SwapRouter gas tests #exactInput 2 trades (directly to sender) 1`] = `196224`;

exports[`SwapRouter gas tests #exactInput 2 trades (via router) 1`] = `205752`;

exports[`SwapRouter gas tests #exactInput 3 trades (directly to sender) 1`] = `282278`;

exports[`SwapRouter gas tests #exactInput WETH9 -> 0 1`] = `118771`;

exports[`SwapRouter gas tests #exactInputSingle 0 -> 1 1`] = `119621`;

exports[`SwapRouter gas tests #exactInputSingle 0 -> WETH9 1`] = `136368`;

exports[`SwapRouter gas tests #exactInputSingle WETH9 -> 0 1`] = `118080`;

exports[`SwapRouter gas tests #exactOutput 0 -> 1 -> 2 1`] = `186580`;

exports[`SwapRouter gas tests #exactOutput 0 -> 1 1`] = `121495`;

exports[`SwapRouter gas tests #exactOutput 0 -> WETH9 1`] = `139062`;

exports[`SwapRouter gas tests #exactOutput WETH9 -> 0 1`] = `128843`;

exports[`SwapRouter gas tests #exactOutputSingle 0 -> 1 1`] = `121629`;

exports[`SwapRouter gas tests #exactOutputSingle 0 -> WETH9 1`] = `139196`;

exports[`SwapRouter gas tests #exactOutputSingle WETH9 -> 0 1`] = `128977`;
